09:21:49 panel 2787 sessions x 22 instruments
09:21:49 STEP 6 development backtests
09:22:08   breakout 2016-07-01..2022-12-30 cap=100000 -> 90,077.07 (18s)
09:22:40   meanrev 2016-07-01..2022-12-30 cap=100000 -> 172,689.06 (33s)
09:23:02   tsmom 2016-07-01..2022-12-30 cap=100000 -> 195,796.38 (22s)
09:23:18   xsmom 2016-07-01..2022-12-30 cap=100000 -> 180,201.05 (16s)
09:23:18 STEP 8 validation (development only)
09:23:19 STEP 7 cost stress (development only)
09:23:36   breakout 2016-07-01..2022-12-30 cap=100000 -> 89,676.56 (17s)
09:23:55   breakout 2016-07-01..2022-12-30 cap=100000 -> 89,265.09 (19s)
09:24:14   breakout 2016-07-01..2022-12-30 cap=100000 -> 88,528.33 (19s)
09:24:46   meanrev 2016-07-01..2022-12-30 cap=100000 -> 168,811.98 (32s)
09:25:16   meanrev 2016-07-01..2022-12-30 cap=100000 -> 164,263.23 (30s)
09:25:46   meanrev 2016-07-01..2022-12-30 cap=100000 -> 155,665.95 (29s)
09:26:05   tsmom 2016-07-01..2022-12-30 cap=100000 -> 195,345.67 (19s)
09:26:25   tsmom 2016-07-01..2022-12-30 cap=100000 -> 194,454.06 (20s)
09:26:44   tsmom 2016-07-01..2022-12-30 cap=100000 -> 193,387.35 (19s)
09:26:59   xsmom 2016-07-01..2022-12-30 cap=100000 -> 179,878.07 (15s)
09:27:13   xsmom 2016-07-01..2022-12-30 cap=100000 -> 179,285.20 (14s)
09:27:29   xsmom 2016-07-01..2022-12-30 cap=100000 -> 178,075.54 (16s)
09:27:29 STEP 6b locked holdout (single evaluation per strategy)
09:27:38   breakout 2023-02-01..2026-06-30 cap=100000 -> 101,969.50 (9s)
09:27:54   meanrev 2023-02-01..2026-06-30 cap=100000 -> 188,475.52 (16s)
09:28:05   tsmom 2023-02-01..2026-06-30 cap=100000 -> 180,112.47 (11s)
09:28:14   xsmom 2023-02-01..2026-06-30 cap=100000 -> 197,463.79 (9s)
09:28:14 STEP 9 EUR 200 (development only)
09:28:30   breakout 2016-07-01..2022-12-30 cap=200 -> 40.91 (16s)
09:28:45   breakout 2016-07-01..2022-12-30 cap=200 -> 200.00 (14s)
09:28:53   meanrev 2016-07-01..2022-12-30 cap=200 -> -4.00 (8s)
